[36mvite v8.0.3 [32mbuilding client environment for production...[36m[39m
[2K
transforming...Γ£ô 1754 modules transformed.
node.exe : [31mΓ£ù[39m Build failed in 1.18s
At line:1 char:1
+ & "C:\Program Files\nodejs/node.exe" "C:\Users\SUNAINA\AppData\Roamin ...
+ ~~~~~~~~~~~~~~~~~~~~~~~~~~~~~~~~~~~~~~~~~~~~~~~~~~~~~~~~~~~~~~~~~~~~~
    + CategoryInfo          : NotSpecified: ([31mΓ£ù[39m Build failed in 1.18s:String) [], RemoteException
    + FullyQualifiedErrorId : NativeCommandError
 
[31merror during build:
[31mBuild failed with 2 errors:

[31m[builtin:vite-transform] Error:[0m Unexpected token. Did you mean `{'}'}` or `&rbrace;`?
     [38;5;246mΓò¡[0m[38;5;246mΓöÇ[0m[38;5;246m[[0m src/pages/Contact.jsx:244:1 [38;5;246m][0m
     [38;5;246mΓöé[0m
 [38;5;246m244 Γöé[0m [38;5;249m}[0m[38;5;249m;[0m
 [38;5;240m    Γöé[0m Γöé 
 [38;5;240m    Γöé[0m Γò░ΓöÇ 
[38;5;246mΓöÇΓöÇΓöÇΓöÇΓöÇΓò»[0m

[31m[builtin:vite-transform] Error:[0m Unexpected token. Did you mean `{'}'}` or `&rbrace;`?
     [38;5;246mΓò¡[0m[38;5;246mΓöÇ[0m[38;5;246m[[0m src/pages/Alumni.jsx:453:1 [38;5;246m][0m
     [38;5;246mΓöé[0m
 [38;5;246m453 Γöé[0m [38;5;249m}[0m[38;5;249m;[0m
 [38;5;240m    Γöé[0m Γöé 
 [38;5;240m    Γöé[0m Γò░ΓöÇ 
[38;5;246mΓöÇΓöÇΓöÇΓöÇΓöÇΓò»[0m
[31m
    at aggregateBindingErrorsIntoJsError (file:///C:/Users/SUNAINA/OneDrive/Documents/6Months_trainingPeriod/AR_WayFind
er/node_modules/rolldown/dist/shared/error-BLhcSyeg.mjs:48:18)
    at unwrapBindingResult (file:///C:/Users/SUNAINA/OneDrive/Documents/6Months_trainingPeriod/AR_WayFinder/node_module
s/rolldown/dist/shared/error-BLhcSyeg.mjs:18:128)
    at #build (file:///C:/Users/SUNAINA/OneDrive/Documents/6Months_trainingPeriod/AR_WayFinder/node_modules/rolldown/di
st/shared/rolldown-build-CPrIX9V6.mjs:3313:34)
    at async buildEnvironment (file:///C:/Users/SUNAINA/OneDrive/Documents/6Months_trainingPeriod/AR_WayFinder/node_mod
ules/vite/dist/node/chunks/node.js:32849:64)
    at async Object.build (file:///C:/Users/SUNAINA/OneDrive/Documents/6Months_trainingPeriod/AR_WayFinder/node_modules
/vite/dist/node/chunks/node.js:33271:19)
    at async Object.buildApp (file:///C:/Users/SUNAINA/OneDrive/Documents/6Months_trainingPeriod/AR_WayFinder/node_modu
les/vite/dist/node/chunks/node.js:33268:153)
    at async CAC.<anonymous> (file:///C:/Users/SUNAINA/OneDrive/Documents/6Months_trainingPeriod/AR_WayFinder/node_modu
les/vite/dist/node/cli.js:778:3) {
  errors: [Getter/Setter]
}[39m
